0a
40
e5
40
b9
41
37
60
65
40
a5
40
55
40
95
40
00
00
00
00
00
00
